../Core/Inc/GlobalVariables.h:10:29:static GlobalVariables& GlobalVariables::getInstance()	8	static
/Applications/STM32CubeIDE.app/Contents/Eclipse/plugins/com.st.stm32cube.ide.mcu.externaltools.gnu-tools-for-stm32.12.3.rel1.macos64_1.0.100.202403111906/tools/arm-none-eabi/include/c++/12.3.1/bits/basic_string.h:4020:3:std::string std::__cxx11::to_string(int)	40	static
../Core/Inc/SystemDefaults.h:7:7:SystemDefaults::~SystemDefaults()	16	static
../Core/Inc/SystemDefaults.h:10:31:void __tcf_0()	8	static
../Core/Inc/SystemDefaults.h:9:28:static SystemDefaults& SystemDefaults::getInstance()	8	static
../Core/Inc/SystemDefaults.h:53:5:SystemDefaults::SystemDefaults()	104	static
/Applications/STM32CubeIDE.app/Contents/Eclipse/plugins/com.st.stm32cube.ide.mcu.externaltools.gnu-tools-for-stm32.12.3.rel1.macos64_1.0.100.202403111906/tools/arm-none-eabi/include/c++/12.3.1/type_traits:67:17:constexpr std::integral_constant<_Tp, __v>::operator value_type() const [with _Tp = bool; _Tp __v = true]	16	static
../Core/Inc/Process.h:15:21:static Process& Process::getInstance()	8	static
../Core/Inc/Process.h:36:5:Process::Process()	16	static
../Core/Inc/WifiProcess.h:16:25:static WifiProcess& WifiProcess::getInstance()	8	static
../Core/Inc/WifiProcess.h:36:5:WifiProcess::WifiProcess()	16	static
../Core/Inc/LCD.h:15:20:static I2CLCD& I2CLCD::getInstance(I2C_HandleTypeDef&, uint8_t)	16	static
/Applications/STM32CubeIDE.app/Contents/Eclipse/plugins/com.st.stm32cube.ide.mcu.externaltools.gnu-tools-for-stm32.12.3.rel1.macos64_1.0.100.202403111906/tools/arm-none-eabi/include/c++/12.3.1/bits/charconv.h:47:5:constexpr unsigned int std::__detail::__to_chars_len(_Tp, int) [with _Tp = unsigned int]	32	static
/Applications/STM32CubeIDE.app/Contents/Eclipse/plugins/com.st.stm32cube.ide.mcu.externaltools.gnu-tools-for-stm32.12.3.rel1.macos64_1.0.100.202403111906/tools/arm-none-eabi/include/c++/12.3.1/bits/charconv.h:72:5:void std::__detail::__to_chars_10_impl(char*, unsigned int, _Tp) [with _Tp = unsigned int]	40	static
/Applications/STM32CubeIDE.app/Contents/Eclipse/plugins/com.st.stm32cube.ide.mcu.externaltools.gnu-tools-for-stm32.12.3.rel1.macos64_1.0.100.202403111906/tools/arm-none-eabi/include/c++/12.3.1/bits/basic_string.h:3480:5:std::__cxx11::basic_string<_CharT, _Traits, _Alloc> std::operator+(const __cxx11::basic_string<_CharT, _Traits, _Alloc>&, const _CharT*) [with _CharT = char; _Traits = char_traits<char>; _Alloc = allocator<char>]	24	static
/Applications/STM32CubeIDE.app/Contents/Eclipse/plugins/com.st.stm32cube.ide.mcu.externaltools.gnu-tools-for-stm32.12.3.rel1.macos64_1.0.100.202403111906/tools/arm-none-eabi/include/c++/12.3.1/bits/basic_string.h:3524:5:std::__cxx11::basic_string<_CharT, _Traits, _Alloc> std::operator+(__cxx11::basic_string<_CharT, _Traits, _Alloc>&&, __cxx11::basic_string<_CharT, _Traits, _Alloc>&&) [with _CharT = char; _Traits = char_traits<char>; _Alloc = allocator<char>]	56	static
/Applications/STM32CubeIDE.app/Contents/Eclipse/plugins/com.st.stm32cube.ide.mcu.externaltools.gnu-tools-for-stm32.12.3.rel1.macos64_1.0.100.202403111906/tools/arm-none-eabi/include/c++/12.3.1/array:193:7:constexpr std::array<_Tp, _Nm>::size_type std::array<_Tp, _Nm>::size() const [with _Tp = int; unsigned int _Nm = 10]	16	static
/Applications/STM32CubeIDE.app/Contents/Eclipse/plugins/com.st.stm32cube.ide.mcu.externaltools.gnu-tools-for-stm32.12.3.rel1.macos64_1.0.100.202403111906/tools/arm-none-eabi/include/c++/12.3.1/bits/allocator.h:205:7:bool std::operator==(const allocator<char>&, const allocator<char>&)	16	static
/Applications/STM32CubeIDE.app/Contents/Eclipse/plugins/com.st.stm32cube.ide.mcu.externaltools.gnu-tools-for-stm32.12.3.rel1.macos64_1.0.100.202403111906/tools/arm-none-eabi/include/c++/12.3.1/bits/move.h:104:5:constexpr typename std::remove_reference<_Tp>::type&& std::move(_Tp&&) [with _Tp = __cxx11::basic_string<char>&]	16	static
../Core/Src/Instance.cpp:22:42:void __static_initialization_and_destruction_0(int, int)	16	static
../Core/Src/Instance.cpp:22:42:cpp)	8	static
