../Core/Src/LCD.cpp:15:1:I2CLCD::I2CLCD(I2C_HandleTypeDef&, uint8_t)	24	static
../Core/Src/LCD.cpp:18:6:void I2CLCD::init()	16	static
../Core/Src/LCD.cpp:26:6:void I2CLCD::sendCommand(char)	32	static
../Core/Src/LCD.cpp:52:6:void I2CLCD::sendData(char)	32	static
../Core/Src/LCD.cpp:78:6:void I2CLCD::sendString(const char*)	16	static
../Core/Src/LCD.cpp:84:6:void I2CLCD::sendChar(char)	32	static
../Core/Src/LCD.cpp:110:6:void I2CLCD::setCursor(bool)	16	static
../Core/Src/LCD.cpp:119:6:void I2CLCD::clear()	16	static
../Core/Src/LCD.cpp:124:6:void I2CLCD::clearLine(int)	16	static
../Core/Src/LCD.cpp:133:6:void I2CLCD::deleteChar(unsigned char, unsigned char)	16	static
../Core/Src/LCD.cpp:138:6:void I2CLCD::setCursorPosition(unsigned char, unsigned char)	16	static
../Core/Src/LCD.cpp:146:6:void I2CLCD::print(unsigned char, unsigned char, const char*)	24	static
../Core/Src/LCD.cpp:151:6:void I2CLCD::printChar(unsigned char, unsigned char, char)	16	static
../Core/Src/LCD.cpp:156:6:void I2CLCD::backlight(char)	16	static
../Core/Src/LCD.cpp:161:6:void I2CLCD::line1()	16	static
../Core/Src/LCD.cpp:165:6:void I2CLCD::line2()	16	static
